--------------------------------------------------------------------------------
Release 14.4 Trace  (nt)
Copyright (c) 1995-2012 Xilinx, Inc.  All rights reserved.

C:\Xilinx\14.4\ISE_DS\ISE\bin\nt\unwrapped\trce.exe -intstyle ise -v 3 -s 2 -n
3 -fastpaths -xml add32.twx add32.ncd -o add32.twr add32.pcf

Design file:              add32.ncd
Physical constraint file: add32.pcf
Device,package,speed:     xc6slx16,csg324,C,-2 (PRODUCTION 1.23 2012-12-04)
Report level:             verbose report

Environment Variable      Effect 
--------------------      ------ 
NONE                      No environment variables were set
--------------------------------------------------------------------------------

INFO:Timing:2698 - No timing constraints found, doing default enumeration.
INFO:Timing:3412 - To improve timing, see the Timing Closure User Guide (UG612).
INFO:Timing:2752 - To get complete path coverage, use the unconstrained paths 
   option. All paths that are not constrained will be reported in the 
   unconstrained paths section(s) of the report.
INFO:Timing:3339 - The clock-to-out numbers in this timing report are based on 
   a 50 Ohm transmission line loading model.  For the details of this model, 
   and for more information on accounting for different loading conditions, 
   please see the device datasheet.



Data Sheet report:
-----------------
All values displayed in nanoseconds (ns)

Pad to Pad
---------------+---------------+---------+
Source Pad     |Destination Pad|  Delay  |
---------------+---------------+---------+
a<0>           |cout           |   26.797|
a<0>           |sum<0>         |   14.371|
a<0>           |sum<1>         |   14.668|
a<0>           |sum<2>         |   15.175|
a<0>           |sum<3>         |   15.184|
a<0>           |sum<4>         |   16.613|
a<0>           |sum<5>         |   16.958|
a<0>           |sum<6>         |   17.561|
a<0>           |sum<7>         |   17.615|
a<0>           |sum<8>         |   18.127|
a<0>           |sum<9>         |   18.391|
a<0>           |sum<10>        |   18.466|
a<0>           |sum<11>        |   18.444|
a<0>           |sum<12>        |   19.059|
a<0>           |sum<13>        |   19.165|
a<0>           |sum<14>        |   19.709|
a<0>           |sum<15>        |   19.636|
a<0>           |sum<16>        |   20.004|
a<0>           |sum<17>        |   20.160|
a<0>           |sum<18>        |   20.713|
a<0>           |sum<19>        |   21.191|
a<0>           |sum<20>        |   21.701|
a<0>           |sum<21>        |   21.755|
a<0>           |sum<22>        |   21.796|
a<0>           |sum<23>        |   21.977|
a<0>           |sum<24>        |   22.844|
a<0>           |sum<25>        |   22.848|
a<0>           |sum<26>        |   23.895|
a<0>           |sum<27>        |   23.784|
a<0>           |sum<28>        |   24.643|
a<0>           |sum<29>        |   24.465|
a<0>           |sum<30>        |   25.154|
a<0>           |sum<31>        |   25.837|
a<1>           |cout           |   26.454|
a<1>           |sum<1>         |   14.325|
a<1>           |sum<2>         |   14.832|
a<1>           |sum<3>         |   14.841|
a<1>           |sum<4>         |   16.270|
a<1>           |sum<5>         |   16.615|
a<1>           |sum<6>         |   17.218|
a<1>           |sum<7>         |   17.272|
a<1>           |sum<8>         |   17.784|
a<1>           |sum<9>         |   18.048|
a<1>           |sum<10>        |   18.123|
a<1>           |sum<11>        |   18.101|
a<1>           |sum<12>        |   18.716|
a<1>           |sum<13>        |   18.822|
a<1>           |sum<14>        |   19.366|
a<1>           |sum<15>        |   19.293|
a<1>           |sum<16>        |   19.661|
a<1>           |sum<17>        |   19.817|
a<1>           |sum<18>        |   20.370|
a<1>           |sum<19>        |   20.848|
a<1>           |sum<20>        |   21.358|
a<1>           |sum<21>        |   21.412|
a<1>           |sum<22>        |   21.453|
a<1>           |sum<23>        |   21.634|
a<1>           |sum<24>        |   22.501|
a<1>           |sum<25>        |   22.505|
a<1>           |sum<26>        |   23.552|
a<1>           |sum<27>        |   23.441|
a<1>           |sum<28>        |   24.300|
a<1>           |sum<29>        |   24.122|
a<1>           |sum<30>        |   24.811|
a<1>           |sum<31>        |   25.494|
a<2>           |cout           |   25.800|
a<2>           |sum<2>         |   14.414|
a<2>           |sum<3>         |   14.187|
a<2>           |sum<4>         |   15.616|
a<2>           |sum<5>         |   15.961|
a<2>           |sum<6>         |   16.564|
a<2>           |sum<7>         |   16.618|
a<2>           |sum<8>         |   17.130|
a<2>           |sum<9>         |   17.394|
a<2>           |sum<10>        |   17.469|
a<2>           |sum<11>        |   17.447|
a<2>           |sum<12>        |   18.062|
a<2>           |sum<13>        |   18.168|
a<2>           |sum<14>        |   18.712|
a<2>           |sum<15>        |   18.639|
a<2>           |sum<16>        |   19.007|
a<2>           |sum<17>        |   19.163|
a<2>           |sum<18>        |   19.716|
a<2>           |sum<19>        |   20.194|
a<2>           |sum<20>        |   20.704|
a<2>           |sum<21>        |   20.758|
a<2>           |sum<22>        |   20.799|
a<2>           |sum<23>        |   20.980|
a<2>           |sum<24>        |   21.847|
a<2>           |sum<25>        |   21.851|
a<2>           |sum<26>        |   22.898|
a<2>           |sum<27>        |   22.787|
a<2>           |sum<28>        |   23.646|
a<2>           |sum<29>        |   23.468|
a<2>           |sum<30>        |   24.157|
a<2>           |sum<31>        |   24.840|
a<3>           |cout           |   25.825|
a<3>           |sum<3>         |   14.212|
a<3>           |sum<4>         |   15.641|
a<3>           |sum<5>         |   15.986|
a<3>           |sum<6>         |   16.589|
a<3>           |sum<7>         |   16.643|
a<3>           |sum<8>         |   17.155|
a<3>           |sum<9>         |   17.419|
a<3>           |sum<10>        |   17.494|
a<3>           |sum<11>        |   17.472|
a<3>           |sum<12>        |   18.087|
a<3>           |sum<13>        |   18.193|
a<3>           |sum<14>        |   18.737|
a<3>           |sum<15>        |   18.664|
a<3>           |sum<16>        |   19.032|
a<3>           |sum<17>        |   19.188|
a<3>           |sum<18>        |   19.741|
a<3>           |sum<19>        |   20.219|
a<3>           |sum<20>        |   20.729|
a<3>           |sum<21>        |   20.783|
a<3>           |sum<22>        |   20.824|
a<3>           |sum<23>        |   21.005|
a<3>           |sum<24>        |   21.872|
a<3>           |sum<25>        |   21.876|
a<3>           |sum<26>        |   22.923|
a<3>           |sum<27>        |   22.812|
a<3>           |sum<28>        |   23.671|
a<3>           |sum<29>        |   23.493|
a<3>           |sum<30>        |   24.182|
a<3>           |sum<31>        |   24.865|
a<4>           |cout           |   23.712|
a<4>           |sum<4>         |   13.974|
a<4>           |sum<5>         |   13.873|
a<4>           |sum<6>         |   14.476|
a<4>           |sum<7>         |   14.530|
a<4>           |sum<8>         |   15.042|
a<4>           |sum<9>         |   15.306|
a<4>           |sum<10>        |   15.381|
a<4>           |sum<11>        |   15.359|
a<4>           |sum<12>        |   15.974|
a<4>           |sum<13>        |   16.080|
a<4>           |sum<14>        |   16.624|
a<4>           |sum<15>        |   16.551|
a<4>           |sum<16>        |   16.919|
a<4>           |sum<17>        |   17.075|
a<4>           |sum<18>        |   17.628|
a<4>           |sum<19>        |   18.106|
a<4>           |sum<20>        |   18.616|
a<4>           |sum<21>        |   18.670|
a<4>           |sum<22>        |   18.711|
a<4>           |sum<23>        |   18.892|
a<4>           |sum<24>        |   19.759|
a<4>           |sum<25>        |   19.763|
a<4>           |sum<26>        |   20.810|
a<4>           |sum<27>        |   20.699|
a<4>           |sum<28>        |   21.558|
a<4>           |sum<29>        |   21.380|
a<4>           |sum<30>        |   22.069|
a<4>           |sum<31>        |   22.752|
a<5>           |cout           |   23.580|
a<5>           |sum<5>         |   13.741|
a<5>           |sum<6>         |   14.344|
a<5>           |sum<7>         |   14.398|
a<5>           |sum<8>         |   14.910|
a<5>           |sum<9>         |   15.174|
a<5>           |sum<10>        |   15.249|
a<5>           |sum<11>        |   15.227|
a<5>           |sum<12>        |   15.842|
a<5>           |sum<13>        |   15.948|
a<5>           |sum<14>        |   16.492|
a<5>           |sum<15>        |   16.419|
a<5>           |sum<16>        |   16.787|
a<5>           |sum<17>        |   16.943|
a<5>           |sum<18>        |   17.496|
a<5>           |sum<19>        |   17.974|
a<5>           |sum<20>        |   18.484|
a<5>           |sum<21>        |   18.538|
a<5>           |sum<22>        |   18.579|
a<5>           |sum<23>        |   18.760|
a<5>           |sum<24>        |   19.627|
a<5>           |sum<25>        |   19.631|
a<5>           |sum<26>        |   20.678|
a<5>           |sum<27>        |   20.567|
a<5>           |sum<28>        |   21.426|
a<5>           |sum<29>        |   21.248|
a<5>           |sum<30>        |   21.937|
a<5>           |sum<31>        |   22.620|
a<6>           |cout           |   22.616|
a<6>           |sum<6>         |   13.385|
a<6>           |sum<7>         |   13.434|
a<6>           |sum<8>         |   13.946|
a<6>           |sum<9>         |   14.210|
a<6>           |sum<10>        |   14.285|
a<6>           |sum<11>        |   14.263|
a<6>           |sum<12>        |   14.878|
a<6>           |sum<13>        |   14.984|
a<6>           |sum<14>        |   15.528|
a<6>           |sum<15>        |   15.455|
a<6>           |sum<16>        |   15.823|
a<6>           |sum<17>        |   15.979|
a<6>           |sum<18>        |   16.532|
a<6>           |sum<19>        |   17.010|
a<6>           |sum<20>        |   17.520|
a<6>           |sum<21>        |   17.574|
a<6>           |sum<22>        |   17.615|
a<6>           |sum<23>        |   17.796|
a<6>           |sum<24>        |   18.663|
a<6>           |sum<25>        |   18.667|
a<6>           |sum<26>        |   19.714|
a<6>           |sum<27>        |   19.603|
a<6>           |sum<28>        |   20.462|
a<6>           |sum<29>        |   20.284|
a<6>           |sum<30>        |   20.973|
a<6>           |sum<31>        |   21.656|
a<7>           |cout           |   22.736|
a<7>           |sum<7>         |   13.554|
a<7>           |sum<8>         |   14.066|
a<7>           |sum<9>         |   14.330|
a<7>           |sum<10>        |   14.405|
a<7>           |sum<11>        |   14.383|
a<7>           |sum<12>        |   14.998|
a<7>           |sum<13>        |   15.104|
a<7>           |sum<14>        |   15.648|
a<7>           |sum<15>        |   15.575|
a<7>           |sum<16>        |   15.943|
a<7>           |sum<17>        |   16.099|
a<7>           |sum<18>        |   16.652|
a<7>           |sum<19>        |   17.130|
a<7>           |sum<20>        |   17.640|
a<7>           |sum<21>        |   17.694|
a<7>           |sum<22>        |   17.735|
a<7>           |sum<23>        |   17.916|
a<7>           |sum<24>        |   18.783|
a<7>           |sum<25>        |   18.787|
a<7>           |sum<26>        |   19.834|
a<7>           |sum<27>        |   19.723|
a<7>           |sum<28>        |   20.582|
a<7>           |sum<29>        |   20.404|
a<7>           |sum<30>        |   21.093|
a<7>           |sum<31>        |   21.776|
a<8>           |cout           |   22.237|
a<8>           |sum<8>         |   13.018|
a<8>           |sum<9>         |   13.831|
a<8>           |sum<10>        |   13.906|
a<8>           |sum<11>        |   13.884|
a<8>           |sum<12>        |   14.499|
a<8>           |sum<13>        |   14.605|
a<8>           |sum<14>        |   15.149|
a<8>           |sum<15>        |   15.076|
a<8>           |sum<16>        |   15.444|
a<8>           |sum<17>        |   15.600|
a<8>           |sum<18>        |   16.153|
a<8>           |sum<19>        |   16.631|
a<8>           |sum<20>        |   17.141|
a<8>           |sum<21>        |   17.195|
a<8>           |sum<22>        |   17.236|
a<8>           |sum<23>        |   17.417|
a<8>           |sum<24>        |   18.284|
a<8>           |sum<25>        |   18.288|
a<8>           |sum<26>        |   19.335|
a<8>           |sum<27>        |   19.224|
a<8>           |sum<28>        |   20.083|
a<8>           |sum<29>        |   19.905|
a<8>           |sum<30>        |   20.594|
a<8>           |sum<31>        |   21.277|
a<9>           |cout           |   21.490|
a<9>           |sum<9>         |   13.084|
a<9>           |sum<10>        |   13.159|
a<9>           |sum<11>        |   13.137|
a<9>           |sum<12>        |   13.752|
a<9>           |sum<13>        |   13.858|
a<9>           |sum<14>        |   14.402|
a<9>           |sum<15>        |   14.329|
a<9>           |sum<16>        |   14.697|
a<9>           |sum<17>        |   14.853|
a<9>           |sum<18>        |   15.406|
a<9>           |sum<19>        |   15.884|
a<9>           |sum<20>        |   16.394|
a<9>           |sum<21>        |   16.448|
a<9>           |sum<22>        |   16.489|
a<9>           |sum<23>        |   16.670|
a<9>           |sum<24>        |   17.537|
a<9>           |sum<25>        |   17.541|
a<9>           |sum<26>        |   18.588|
a<9>           |sum<27>        |   18.477|
a<9>           |sum<28>        |   19.336|
a<9>           |sum<29>        |   19.158|
a<9>           |sum<30>        |   19.847|
a<9>           |sum<31>        |   20.530|
a<10>          |cout           |   20.797|
a<10>          |sum<10>        |   12.608|
a<10>          |sum<11>        |   12.444|
a<10>          |sum<12>        |   13.059|
a<10>          |sum<13>        |   13.165|
a<10>          |sum<14>        |   13.709|
a<10>          |sum<15>        |   13.636|
a<10>          |sum<16>        |   14.004|
a<10>          |sum<17>        |   14.160|
a<10>          |sum<18>        |   14.713|
a<10>          |sum<19>        |   15.191|
a<10>          |sum<20>        |   15.701|
a<10>          |sum<21>        |   15.755|
a<10>          |sum<22>        |   15.796|
a<10>          |sum<23>        |   15.977|
a<10>          |sum<24>        |   16.844|
a<10>          |sum<25>        |   16.848|
a<10>          |sum<26>        |   17.895|
a<10>          |sum<27>        |   17.784|
a<10>          |sum<28>        |   18.643|
a<10>          |sum<29>        |   18.465|
a<10>          |sum<30>        |   19.154|
a<10>          |sum<31>        |   19.837|
a<11>          |cout           |   21.354|
a<11>          |sum<11>        |   13.001|
a<11>          |sum<12>        |   13.616|
a<11>          |sum<13>        |   13.722|
a<11>          |sum<14>        |   14.266|
a<11>          |sum<15>        |   14.193|
a<11>          |sum<16>        |   14.561|
a<11>          |sum<17>        |   14.717|
a<11>          |sum<18>        |   15.270|
a<11>          |sum<19>        |   15.748|
a<11>          |sum<20>        |   16.258|
a<11>          |sum<21>        |   16.312|
a<11>          |sum<22>        |   16.353|
a<11>          |sum<23>        |   16.534|
a<11>          |sum<24>        |   17.401|
a<11>          |sum<25>        |   17.405|
a<11>          |sum<26>        |   18.452|
a<11>          |sum<27>        |   18.341|
a<11>          |sum<28>        |   19.200|
a<11>          |sum<29>        |   19.022|
a<11>          |sum<30>        |   19.711|
a<11>          |sum<31>        |   20.394|
a<12>          |cout           |   20.267|
a<12>          |sum<12>        |   12.412|
a<12>          |sum<13>        |   12.635|
a<12>          |sum<14>        |   13.179|
a<12>          |sum<15>        |   13.106|
a<12>          |sum<16>        |   13.474|
a<12>          |sum<17>        |   13.630|
a<12>          |sum<18>        |   14.183|
a<12>          |sum<19>        |   14.661|
a<12>          |sum<20>        |   15.171|
a<12>          |sum<21>        |   15.225|
a<12>          |sum<22>        |   15.266|
a<12>          |sum<23>        |   15.447|
a<12>          |sum<24>        |   16.314|
a<12>          |sum<25>        |   16.318|
a<12>          |sum<26>        |   17.365|
a<12>          |sum<27>        |   17.254|
a<12>          |sum<28>        |   18.113|
a<12>          |sum<29>        |   17.935|
a<12>          |sum<30>        |   18.624|
a<12>          |sum<31>        |   19.307|
a<13>          |cout           |   20.330|
a<13>          |sum<13>        |   12.698|
a<13>          |sum<14>        |   13.242|
a<13>          |sum<15>        |   13.169|
a<13>          |sum<16>        |   13.537|
a<13>          |sum<17>        |   13.693|
a<13>          |sum<18>        |   14.246|
a<13>          |sum<19>        |   14.724|
a<13>          |sum<20>        |   15.234|
a<13>          |sum<21>        |   15.288|
a<13>          |sum<22>        |   15.329|
a<13>          |sum<23>        |   15.510|
a<13>          |sum<24>        |   16.377|
a<13>          |sum<25>        |   16.381|
a<13>          |sum<26>        |   17.428|
a<13>          |sum<27>        |   17.317|
a<13>          |sum<28>        |   18.176|
a<13>          |sum<29>        |   17.998|
a<13>          |sum<30>        |   18.687|
a<13>          |sum<31>        |   19.370|
a<14>          |cout           |   19.790|
a<14>          |sum<14>        |   12.279|
a<14>          |sum<15>        |   12.629|
a<14>          |sum<16>        |   12.997|
a<14>          |sum<17>        |   13.153|
a<14>          |sum<18>        |   13.706|
a<14>          |sum<19>        |   14.184|
a<14>          |sum<20>        |   14.694|
a<14>          |sum<21>        |   14.748|
a<14>          |sum<22>        |   14.789|
a<14>          |sum<23>        |   14.970|
a<14>          |sum<24>        |   15.837|
a<14>          |sum<25>        |   15.841|
a<14>          |sum<26>        |   16.888|
a<14>          |sum<27>        |   16.777|
a<14>          |sum<28>        |   17.636|
a<14>          |sum<29>        |   17.458|
a<14>          |sum<30>        |   18.147|
a<14>          |sum<31>        |   18.830|
a<15>          |cout           |   19.728|
a<15>          |sum<15>        |   12.567|
a<15>          |sum<16>        |   12.935|
a<15>          |sum<17>        |   13.091|
a<15>          |sum<18>        |   13.644|
a<15>          |sum<19>        |   14.122|
a<15>          |sum<20>        |   14.632|
a<15>          |sum<21>        |   14.686|
a<15>          |sum<22>        |   14.727|
a<15>          |sum<23>        |   14.908|
a<15>          |sum<24>        |   15.775|
a<15>          |sum<25>        |   15.779|
a<15>          |sum<26>        |   16.826|
a<15>          |sum<27>        |   16.715|
a<15>          |sum<28>        |   17.574|
a<15>          |sum<29>        |   17.396|
a<15>          |sum<30>        |   18.085|
a<15>          |sum<31>        |   18.768|
a<16>          |cout           |   18.658|
a<16>          |sum<16>        |   11.711|
a<16>          |sum<17>        |   12.021|
a<16>          |sum<18>        |   12.574|
a<16>          |sum<19>        |   13.052|
a<16>          |sum<20>        |   13.562|
a<16>          |sum<21>        |   13.616|
a<16>          |sum<22>        |   13.657|
a<16>          |sum<23>        |   13.838|
a<16>          |sum<24>        |   14.705|
a<16>          |sum<25>        |   14.709|
a<16>          |sum<26>        |   15.756|
a<16>          |sum<27>        |   15.645|
a<16>          |sum<28>        |   16.504|
a<16>          |sum<29>        |   16.326|
a<16>          |sum<30>        |   17.015|
a<16>          |sum<31>        |   17.698|
a<17>          |cout           |   18.648|
a<17>          |sum<17>        |   12.011|
a<17>          |sum<18>        |   12.564|
a<17>          |sum<19>        |   13.042|
a<17>          |sum<20>        |   13.552|
a<17>          |sum<21>        |   13.606|
a<17>          |sum<22>        |   13.647|
a<17>          |sum<23>        |   13.828|
a<17>          |sum<24>        |   14.695|
a<17>          |sum<25>        |   14.699|
a<17>          |sum<26>        |   15.746|
a<17>          |sum<27>        |   15.635|
a<17>          |sum<28>        |   16.494|
a<17>          |sum<29>        |   16.316|
a<17>          |sum<30>        |   17.005|
a<17>          |sum<31>        |   17.688|
a<18>          |cout           |   17.567|
a<18>          |sum<18>        |   11.678|
a<18>          |sum<19>        |   11.961|
a<18>          |sum<20>        |   12.471|
a<18>          |sum<21>        |   12.525|
a<18>          |sum<22>        |   12.566|
a<18>          |sum<23>        |   12.747|
a<18>          |sum<24>        |   13.614|
a<18>          |sum<25>        |   13.618|
a<18>          |sum<26>        |   14.665|
a<18>          |sum<27>        |   14.554|
a<18>          |sum<28>        |   15.413|
a<18>          |sum<29>        |   15.235|
a<18>          |sum<30>        |   15.924|
a<18>          |sum<31>        |   16.607|
a<19>          |cout           |   18.303|
a<19>          |sum<19>        |   12.697|
a<19>          |sum<20>        |   13.207|
a<19>          |sum<21>        |   13.261|
a<19>          |sum<22>        |   13.302|
a<19>          |sum<23>        |   13.483|
a<19>          |sum<24>        |   14.350|
a<19>          |sum<25>        |   14.354|
a<19>          |sum<26>        |   15.401|
a<19>          |sum<27>        |   15.290|
a<19>          |sum<28>        |   16.149|
a<19>          |sum<29>        |   15.971|
a<19>          |sum<30>        |   16.660|
a<19>          |sum<31>        |   17.343|
a<20>          |cout           |   17.438|
a<20>          |sum<20>        |   12.207|
a<20>          |sum<21>        |   12.396|
a<20>          |sum<22>        |   12.437|
a<20>          |sum<23>        |   12.618|
a<20>          |sum<24>        |   13.485|
a<20>          |sum<25>        |   13.489|
a<20>          |sum<26>        |   14.536|
a<20>          |sum<27>        |   14.425|
a<20>          |sum<28>        |   15.284|
a<20>          |sum<29>        |   15.106|
a<20>          |sum<30>        |   15.795|
a<20>          |sum<31>        |   16.478|
a<21>          |cout           |   17.573|
a<21>          |sum<21>        |   12.531|
a<21>          |sum<22>        |   12.572|
a<21>          |sum<23>        |   12.753|
a<21>          |sum<24>        |   13.620|
a<21>          |sum<25>        |   13.624|
a<21>          |sum<26>        |   14.671|
a<21>          |sum<27>        |   14.560|
a<21>          |sum<28>        |   15.419|
a<21>          |sum<29>        |   15.241|
a<21>          |sum<30>        |   15.930|
a<21>          |sum<31>        |   16.613|
a<22>          |cout           |   16.431|
a<22>          |sum<22>        |   11.703|
a<22>          |sum<23>        |   11.611|
a<22>          |sum<24>        |   12.478|
a<22>          |sum<25>        |   12.482|
a<22>          |sum<26>        |   13.529|
a<22>          |sum<27>        |   13.418|
a<22>          |sum<28>        |   14.277|
a<22>          |sum<29>        |   14.099|
a<22>          |sum<30>        |   14.788|
a<22>          |sum<31>        |   15.471|
a<23>          |cout           |   16.889|
a<23>          |sum<23>        |   12.069|
a<23>          |sum<24>        |   12.936|
a<23>          |sum<25>        |   12.940|
a<23>          |sum<26>        |   13.987|
a<23>          |sum<27>        |   13.876|
a<23>          |sum<28>        |   14.735|
a<23>          |sum<29>        |   14.557|
a<23>          |sum<30>        |   15.246|
a<23>          |sum<31>        |   15.929|
a<24>          |cout           |   16.150|
a<24>          |sum<24>        |   12.151|
a<24>          |sum<25>        |   12.201|
a<24>          |sum<26>        |   13.248|
a<24>          |sum<27>        |   13.137|
a<24>          |sum<28>        |   13.996|
a<24>          |sum<29>        |   13.818|
a<24>          |sum<30>        |   14.507|
a<24>          |sum<31>        |   15.190|
a<25>          |cout           |   15.688|
a<25>          |sum<25>        |   11.739|
a<25>          |sum<26>        |   12.786|
a<25>          |sum<27>        |   12.675|
a<25>          |sum<28>        |   13.534|
a<25>          |sum<29>        |   13.356|
a<25>          |sum<30>        |   14.045|
a<25>          |sum<31>        |   14.728|
a<26>          |cout           |   15.275|
a<26>          |sum<26>        |   11.886|
a<26>          |sum<27>        |   12.262|
a<26>          |sum<28>        |   13.121|
a<26>          |sum<29>        |   12.943|
a<26>          |sum<30>        |   13.632|
a<26>          |sum<31>        |   14.315|
a<27>          |cout           |   15.379|
a<27>          |sum<27>        |   12.366|
a<27>          |sum<28>        |   13.225|
a<27>          |sum<29>        |   13.047|
a<27>          |sum<30>        |   13.736|
a<27>          |sum<31>        |   14.419|
a<28>          |cout           |   14.671|
a<28>          |sum<28>        |   11.775|
a<28>          |sum<29>        |   12.339|
a<28>          |sum<30>        |   13.028|
a<28>          |sum<31>        |   13.711|
a<29>          |cout           |   14.586|
a<29>          |sum<29>        |   12.254|
a<29>          |sum<30>        |   12.943|
a<29>          |sum<31>        |   13.626|
a<30>          |cout           |   14.260|
a<30>          |sum<30>        |   12.879|
a<30>          |sum<31>        |   13.300|
a<31>          |cout           |   13.368|
a<31>          |sum<31>        |   12.408|
b<0>           |cout           |   25.510|
b<0>           |sum<0>         |   13.374|
b<0>           |sum<1>         |   13.381|
b<0>           |sum<2>         |   13.888|
b<0>           |sum<3>         |   13.897|
b<0>           |sum<4>         |   15.326|
b<0>           |sum<5>         |   15.671|
b<0>           |sum<6>         |   16.274|
b<0>           |sum<7>         |   16.328|
b<0>           |sum<8>         |   16.840|
b<0>           |sum<9>         |   17.104|
b<0>           |sum<10>        |   17.179|
b<0>           |sum<11>        |   17.157|
b<0>           |sum<12>        |   17.772|
b<0>           |sum<13>        |   17.878|
b<0>           |sum<14>        |   18.422|
b<0>           |sum<15>        |   18.349|
b<0>           |sum<16>        |   18.717|
b<0>           |sum<17>        |   18.873|
b<0>           |sum<18>        |   19.426|
b<0>           |sum<19>        |   19.904|
b<0>           |sum<20>        |   20.414|
b<0>           |sum<21>        |   20.468|
b<0>           |sum<22>        |   20.509|
b<0>           |sum<23>        |   20.690|
b<0>           |sum<24>        |   21.557|
b<0>           |sum<25>        |   21.561|
b<0>           |sum<26>        |   22.608|
b<0>           |sum<27>        |   22.497|
b<0>           |sum<28>        |   23.356|
b<0>           |sum<29>        |   23.178|
b<0>           |sum<30>        |   23.867|
b<0>           |sum<31>        |   24.550|
b<1>           |cout           |   25.332|
b<1>           |sum<1>         |   13.203|
b<1>           |sum<2>         |   13.710|
b<1>           |sum<3>         |   13.719|
b<1>           |sum<4>         |   15.148|
b<1>           |sum<5>         |   15.493|
b<1>           |sum<6>         |   16.096|
b<1>           |sum<7>         |   16.150|
b<1>           |sum<8>         |   16.662|
b<1>           |sum<9>         |   16.926|
b<1>           |sum<10>        |   17.001|
b<1>           |sum<11>        |   16.979|
b<1>           |sum<12>        |   17.594|
b<1>           |sum<13>        |   17.700|
b<1>           |sum<14>        |   18.244|
b<1>           |sum<15>        |   18.171|
b<1>           |sum<16>        |   18.539|
b<1>           |sum<17>        |   18.695|
b<1>           |sum<18>        |   19.248|
b<1>           |sum<19>        |   19.726|
b<1>           |sum<20>        |   20.236|
b<1>           |sum<21>        |   20.290|
b<1>           |sum<22>        |   20.331|
b<1>           |sum<23>        |   20.512|
b<1>           |sum<24>        |   21.379|
b<1>           |sum<25>        |   21.383|
b<1>           |sum<26>        |   22.430|
b<1>           |sum<27>        |   22.319|
b<1>           |sum<28>        |   23.178|
b<1>           |sum<29>        |   23.000|
b<1>           |sum<30>        |   23.689|
b<1>           |sum<31>        |   24.372|
b<2>           |cout           |   25.339|
b<2>           |sum<2>         |   12.894|
b<2>           |sum<3>         |   13.726|
b<2>           |sum<4>         |   15.155|
b<2>           |sum<5>         |   15.500|
b<2>           |sum<6>         |   16.103|
b<2>           |sum<7>         |   16.157|
b<2>           |sum<8>         |   16.669|
b<2>           |sum<9>         |   16.933|
b<2>           |sum<10>        |   17.008|
b<2>           |sum<11>        |   16.986|
b<2>           |sum<12>        |   17.601|
b<2>           |sum<13>        |   17.707|
b<2>           |sum<14>        |   18.251|
b<2>           |sum<15>        |   18.178|
b<2>           |sum<16>        |   18.546|
b<2>           |sum<17>        |   18.702|
b<2>           |sum<18>        |   19.255|
b<2>           |sum<19>        |   19.733|
b<2>           |sum<20>        |   20.243|
b<2>           |sum<21>        |   20.297|
b<2>           |sum<22>        |   20.338|
b<2>           |sum<23>        |   20.519|
b<2>           |sum<24>        |   21.386|
b<2>           |sum<25>        |   21.390|
b<2>           |sum<26>        |   22.437|
b<2>           |sum<27>        |   22.326|
b<2>           |sum<28>        |   23.185|
b<2>           |sum<29>        |   23.007|
b<2>           |sum<30>        |   23.696|
b<2>           |sum<31>        |   24.379|
b<3>           |cout           |   25.538|
b<3>           |sum<3>         |   13.925|
b<3>           |sum<4>         |   15.354|
b<3>           |sum<5>         |   15.699|
b<3>           |sum<6>         |   16.302|
b<3>           |sum<7>         |   16.356|
b<3>           |sum<8>         |   16.868|
b<3>           |sum<9>         |   17.132|
b<3>           |sum<10>        |   17.207|
b<3>           |sum<11>        |   17.185|
b<3>           |sum<12>        |   17.800|
b<3>           |sum<13>        |   17.906|
b<3>           |sum<14>        |   18.450|
b<3>           |sum<15>        |   18.377|
b<3>           |sum<16>        |   18.745|
b<3>           |sum<17>        |   18.901|
b<3>           |sum<18>        |   19.454|
b<3>           |sum<19>        |   19.932|
b<3>           |sum<20>        |   20.442|
b<3>           |sum<21>        |   20.496|
b<3>           |sum<22>        |   20.537|
b<3>           |sum<23>        |   20.718|
b<3>           |sum<24>        |   21.585|
b<3>           |sum<25>        |   21.589|
b<3>           |sum<26>        |   22.636|
b<3>           |sum<27>        |   22.525|
b<3>           |sum<28>        |   23.384|
b<3>           |sum<29>        |   23.206|
b<3>           |sum<30>        |   23.895|
b<3>           |sum<31>        |   24.578|
b<4>           |cout           |   24.477|
b<4>           |sum<4>         |   14.702|
b<4>           |sum<5>         |   14.638|
b<4>           |sum<6>         |   15.241|
b<4>           |sum<7>         |   15.295|
b<4>           |sum<8>         |   15.807|
b<4>           |sum<9>         |   16.071|
b<4>           |sum<10>        |   16.146|
b<4>           |sum<11>        |   16.124|
b<4>           |sum<12>        |   16.739|
b<4>           |sum<13>        |   16.845|
b<4>           |sum<14>        |   17.389|
b<4>           |sum<15>        |   17.316|
b<4>           |sum<16>        |   17.684|
b<4>           |sum<17>        |   17.840|
b<4>           |sum<18>        |   18.393|
b<4>           |sum<19>        |   18.871|
b<4>           |sum<20>        |   19.381|
b<4>           |sum<21>        |   19.435|
b<4>           |sum<22>        |   19.476|
b<4>           |sum<23>        |   19.657|
b<4>           |sum<24>        |   20.524|
b<4>           |sum<25>        |   20.528|
b<4>           |sum<26>        |   21.575|
b<4>           |sum<27>        |   21.464|
b<4>           |sum<28>        |   22.323|
b<4>           |sum<29>        |   22.145|
b<4>           |sum<30>        |   22.834|
b<4>           |sum<31>        |   23.517|
b<5>           |cout           |   23.996|
b<5>           |sum<5>         |   14.157|
b<5>           |sum<6>         |   14.760|
b<5>           |sum<7>         |   14.814|
b<5>           |sum<8>         |   15.326|
b<5>           |sum<9>         |   15.590|
b<5>           |sum<10>        |   15.665|
b<5>           |sum<11>        |   15.643|
b<5>           |sum<12>        |   16.258|
b<5>           |sum<13>        |   16.364|
b<5>           |sum<14>        |   16.908|
b<5>           |sum<15>        |   16.835|
b<5>           |sum<16>        |   17.203|
b<5>           |sum<17>        |   17.359|
b<5>           |sum<18>        |   17.912|
b<5>           |sum<19>        |   18.390|
b<5>           |sum<20>        |   18.900|
b<5>           |sum<21>        |   18.954|
b<5>           |sum<22>        |   18.995|
b<5>           |sum<23>        |   19.176|
b<5>           |sum<24>        |   20.043|
b<5>           |sum<25>        |   20.047|
b<5>           |sum<26>        |   21.094|
b<5>           |sum<27>        |   20.983|
b<5>           |sum<28>        |   21.842|
b<5>           |sum<29>        |   21.664|
b<5>           |sum<30>        |   22.353|
b<5>           |sum<31>        |   23.036|
b<6>           |cout           |   23.262|
b<6>           |sum<6>         |   13.626|
b<6>           |sum<7>         |   14.080|
b<6>           |sum<8>         |   14.592|
b<6>           |sum<9>         |   14.856|
b<6>           |sum<10>        |   14.931|
b<6>           |sum<11>        |   14.909|
b<6>           |sum<12>        |   15.524|
b<6>           |sum<13>        |   15.630|
b<6>           |sum<14>        |   16.174|
b<6>           |sum<15>        |   16.101|
b<6>           |sum<16>        |   16.469|
b<6>           |sum<17>        |   16.625|
b<6>           |sum<18>        |   17.178|
b<6>           |sum<19>        |   17.656|
b<6>           |sum<20>        |   18.166|
b<6>           |sum<21>        |   18.220|
b<6>           |sum<22>        |   18.261|
b<6>           |sum<23>        |   18.442|
b<6>           |sum<24>        |   19.309|
b<6>           |sum<25>        |   19.313|
b<6>           |sum<26>        |   20.360|
b<6>           |sum<27>        |   20.249|
b<6>           |sum<28>        |   21.108|
b<6>           |sum<29>        |   20.930|
b<6>           |sum<30>        |   21.619|
b<6>           |sum<31>        |   22.302|
b<7>           |cout           |   23.291|
b<7>           |sum<7>         |   14.109|
b<7>           |sum<8>         |   14.621|
b<7>           |sum<9>         |   14.885|
b<7>           |sum<10>        |   14.960|
b<7>           |sum<11>        |   14.938|
b<7>           |sum<12>        |   15.553|
b<7>           |sum<13>        |   15.659|
b<7>           |sum<14>        |   16.203|
b<7>           |sum<15>        |   16.130|
b<7>           |sum<16>        |   16.498|
b<7>           |sum<17>        |   16.654|
b<7>           |sum<18>        |   17.207|
b<7>           |sum<19>        |   17.685|
b<7>           |sum<20>        |   18.195|
b<7>           |sum<21>        |   18.249|
b<7>           |sum<22>        |   18.290|
b<7>           |sum<23>        |   18.471|
b<7>           |sum<24>        |   19.338|
b<7>           |sum<25>        |   19.342|
b<7>           |sum<26>        |   20.389|
b<7>           |sum<27>        |   20.278|
b<7>           |sum<28>        |   21.137|
b<7>           |sum<29>        |   20.959|
b<7>           |sum<30>        |   21.648|
b<7>           |sum<31>        |   22.331|
b<8>           |cout           |   22.384|
b<8>           |sum<8>         |   13.828|
b<8>           |sum<9>         |   13.978|
b<8>           |sum<10>        |   14.053|
b<8>           |sum<11>        |   14.031|
b<8>           |sum<12>        |   14.646|
b<8>           |sum<13>        |   14.752|
b<8>           |sum<14>        |   15.296|
b<8>           |sum<15>        |   15.223|
b<8>           |sum<16>        |   15.591|
b<8>           |sum<17>        |   15.747|
b<8>           |sum<18>        |   16.300|
b<8>           |sum<19>        |   16.778|
b<8>           |sum<20>        |   17.288|
b<8>           |sum<21>        |   17.342|
b<8>           |sum<22>        |   17.383|
b<8>           |sum<23>        |   17.564|
b<8>           |sum<24>        |   18.431|
b<8>           |sum<25>        |   18.435|
b<8>           |sum<26>        |   19.482|
b<8>           |sum<27>        |   19.371|
b<8>           |sum<28>        |   20.230|
b<8>           |sum<29>        |   20.052|
b<8>           |sum<30>        |   20.741|
b<8>           |sum<31>        |   21.424|
b<9>           |cout           |   22.791|
b<9>           |sum<9>         |   14.385|
b<9>           |sum<10>        |   14.460|
b<9>           |sum<11>        |   14.438|
b<9>           |sum<12>        |   15.053|
b<9>           |sum<13>        |   15.159|
b<9>           |sum<14>        |   15.703|
b<9>           |sum<15>        |   15.630|
b<9>           |sum<16>        |   15.998|
b<9>           |sum<17>        |   16.154|
b<9>           |sum<18>        |   16.707|
b<9>           |sum<19>        |   17.185|
b<9>           |sum<20>        |   17.695|
b<9>           |sum<21>        |   17.749|
b<9>           |sum<22>        |   17.790|
b<9>           |sum<23>        |   17.971|
b<9>           |sum<24>        |   18.838|
b<9>           |sum<25>        |   18.842|
b<9>           |sum<26>        |   19.889|
b<9>           |sum<27>        |   19.778|
b<9>           |sum<28>        |   20.637|
b<9>           |sum<29>        |   20.459|
b<9>           |sum<30>        |   21.148|
b<9>           |sum<31>        |   21.831|
b<10>          |cout           |   22.057|
b<10>          |sum<10>        |   12.892|
b<10>          |sum<11>        |   13.704|
b<10>          |sum<12>        |   14.319|
b<10>          |sum<13>        |   14.425|
b<10>          |sum<14>        |   14.969|
b<10>          |sum<15>        |   14.896|
b<10>          |sum<16>        |   15.264|
b<10>          |sum<17>        |   15.420|
b<10>          |sum<18>        |   15.973|
b<10>          |sum<19>        |   16.451|
b<10>          |sum<20>        |   16.961|
b<10>          |sum<21>        |   17.015|
b<10>          |sum<22>        |   17.056|
b<10>          |sum<23>        |   17.237|
b<10>          |sum<24>        |   18.104|
b<10>          |sum<25>        |   18.108|
b<10>          |sum<26>        |   19.155|
b<10>          |sum<27>        |   19.044|
b<10>          |sum<28>        |   19.903|
b<10>          |sum<29>        |   19.725|
b<10>          |sum<30>        |   20.414|
b<10>          |sum<31>        |   21.097|
b<11>          |cout           |   21.702|
b<11>          |sum<11>        |   13.349|
b<11>          |sum<12>        |   13.964|
b<11>          |sum<13>        |   14.070|
b<11>          |sum<14>        |   14.614|
b<11>          |sum<15>        |   14.541|
b<11>          |sum<16>        |   14.909|
b<11>          |sum<17>        |   15.065|
b<11>          |sum<18>        |   15.618|
b<11>          |sum<19>        |   16.096|
b<11>          |sum<20>        |   16.606|
b<11>          |sum<21>        |   16.660|
b<11>          |sum<22>        |   16.701|
b<11>          |sum<23>        |   16.882|
b<11>          |sum<24>        |   17.749|
b<11>          |sum<25>        |   17.753|
b<11>          |sum<26>        |   18.800|
b<11>          |sum<27>        |   18.689|
b<11>          |sum<28>        |   19.548|
b<11>          |sum<29>        |   19.370|
b<11>          |sum<30>        |   20.059|
b<11>          |sum<31>        |   20.742|
b<12>          |cout           |   20.393|
b<12>          |sum<12>        |   12.710|
b<12>          |sum<13>        |   12.761|
b<12>          |sum<14>        |   13.305|
b<12>          |sum<15>        |   13.232|
b<12>          |sum<16>        |   13.600|
b<12>          |sum<17>        |   13.756|
b<12>          |sum<18>        |   14.309|
b<12>          |sum<19>        |   14.787|
b<12>          |sum<20>        |   15.297|
b<12>          |sum<21>        |   15.351|
b<12>          |sum<22>        |   15.392|
b<12>          |sum<23>        |   15.573|
b<12>          |sum<24>        |   16.440|
b<12>          |sum<25>        |   16.444|
b<12>          |sum<26>        |   17.491|
b<12>          |sum<27>        |   17.380|
b<12>          |sum<28>        |   18.239|
b<12>          |sum<29>        |   18.061|
b<12>          |sum<30>        |   18.750|
b<12>          |sum<31>        |   19.433|
b<13>          |cout           |   20.507|
b<13>          |sum<13>        |   12.875|
b<13>          |sum<14>        |   13.419|
b<13>          |sum<15>        |   13.346|
b<13>          |sum<16>        |   13.714|
b<13>          |sum<17>        |   13.870|
b<13>          |sum<18>        |   14.423|
b<13>          |sum<19>        |   14.901|
b<13>          |sum<20>        |   15.411|
b<13>          |sum<21>        |   15.465|
b<13>          |sum<22>        |   15.506|
b<13>          |sum<23>        |   15.687|
b<13>          |sum<24>        |   16.554|
b<13>          |sum<25>        |   16.558|
b<13>          |sum<26>        |   17.605|
b<13>          |sum<27>        |   17.494|
b<13>          |sum<28>        |   18.353|
b<13>          |sum<29>        |   18.175|
b<13>          |sum<30>        |   18.864|
b<13>          |sum<31>        |   19.547|
b<14>          |cout           |   20.462|
b<14>          |sum<14>        |   12.723|
b<14>          |sum<15>        |   13.301|
b<14>          |sum<16>        |   13.669|
b<14>          |sum<17>        |   13.825|
b<14>          |sum<18>        |   14.378|
b<14>          |sum<19>        |   14.856|
b<14>          |sum<20>        |   15.366|
b<14>          |sum<21>        |   15.420|
b<14>          |sum<22>        |   15.461|
b<14>          |sum<23>        |   15.642|
b<14>          |sum<24>        |   16.509|
b<14>          |sum<25>        |   16.513|
b<14>          |sum<26>        |   17.560|
b<14>          |sum<27>        |   17.449|
b<14>          |sum<28>        |   18.308|
b<14>          |sum<29>        |   18.130|
b<14>          |sum<30>        |   18.819|
b<14>          |sum<31>        |   19.502|
b<15>          |cout           |   20.074|
b<15>          |sum<15>        |   12.913|
b<15>          |sum<16>        |   13.281|
b<15>          |sum<17>        |   13.437|
b<15>          |sum<18>        |   13.990|
b<15>          |sum<19>        |   14.468|
b<15>          |sum<20>        |   14.978|
b<15>          |sum<21>        |   15.032|
b<15>          |sum<22>        |   15.073|
b<15>          |sum<23>        |   15.254|
b<15>          |sum<24>        |   16.121|
b<15>          |sum<25>        |   16.125|
b<15>          |sum<26>        |   17.172|
b<15>          |sum<27>        |   17.061|
b<15>          |sum<28>        |   17.920|
b<15>          |sum<29>        |   17.742|
b<15>          |sum<30>        |   18.431|
b<15>          |sum<31>        |   19.114|
b<16>          |cout           |   19.534|
b<16>          |sum<16>        |   12.839|
b<16>          |sum<17>        |   12.897|
b<16>          |sum<18>        |   13.450|
b<16>          |sum<19>        |   13.928|
b<16>          |sum<20>        |   14.438|
b<16>          |sum<21>        |   14.492|
b<16>          |sum<22>        |   14.533|
b<16>          |sum<23>        |   14.714|
b<16>          |sum<24>        |   15.581|
b<16>          |sum<25>        |   15.585|
b<16>          |sum<26>        |   16.632|
b<16>          |sum<27>        |   16.521|
b<16>          |sum<28>        |   17.380|
b<16>          |sum<29>        |   17.202|
b<16>          |sum<30>        |   17.891|
b<16>          |sum<31>        |   18.574|
b<17>          |cout           |   19.757|
b<17>          |sum<17>        |   13.120|
b<17>          |sum<18>        |   13.673|
b<17>          |sum<19>        |   14.151|
b<17>          |sum<20>        |   14.661|
b<17>          |sum<21>        |   14.715|
b<17>          |sum<22>        |   14.756|
b<17>          |sum<23>        |   14.937|
b<17>          |sum<24>        |   15.804|
b<17>          |sum<25>        |   15.808|
b<17>          |sum<26>        |   16.855|
b<17>          |sum<27>        |   16.744|
b<17>          |sum<28>        |   17.603|
b<17>          |sum<29>        |   17.425|
b<17>          |sum<30>        |   18.114|
b<17>          |sum<31>        |   18.797|
b<18>          |cout           |   18.709|
b<18>          |sum<18>        |   12.404|
b<18>          |sum<19>        |   13.103|
b<18>          |sum<20>        |   13.613|
b<18>          |sum<21>        |   13.667|
b<18>          |sum<22>        |   13.708|
b<18>          |sum<23>        |   13.889|
b<18>          |sum<24>        |   14.756|
b<18>          |sum<25>        |   14.760|
b<18>          |sum<26>        |   15.807|
b<18>          |sum<27>        |   15.696|
b<18>          |sum<28>        |   16.555|
b<18>          |sum<29>        |   16.377|
b<18>          |sum<30>        |   17.066|
b<18>          |sum<31>        |   17.749|
b<19>          |cout           |   18.354|
b<19>          |sum<19>        |   12.748|
b<19>          |sum<20>        |   13.258|
b<19>          |sum<21>        |   13.312|
b<19>          |sum<22>        |   13.353|
b<19>          |sum<23>        |   13.534|
b<19>          |sum<24>        |   14.401|
b<19>          |sum<25>        |   14.405|
b<19>          |sum<26>        |   15.452|
b<19>          |sum<27>        |   15.341|
b<19>          |sum<28>        |   16.200|
b<19>          |sum<29>        |   16.022|
b<19>          |sum<30>        |   16.711|
b<19>          |sum<31>        |   17.394|
b<20>          |cout           |   18.327|
b<20>          |sum<20>        |   12.650|
b<20>          |sum<21>        |   13.285|
b<20>          |sum<22>        |   13.326|
b<20>          |sum<23>        |   13.507|
b<20>          |sum<24>        |   14.374|
b<20>          |sum<25>        |   14.378|
b<20>          |sum<26>        |   15.425|
b<20>          |sum<27>        |   15.314|
b<20>          |sum<28>        |   16.173|
b<20>          |sum<29>        |   15.995|
b<20>          |sum<30>        |   16.684|
b<20>          |sum<31>        |   17.367|
b<21>          |cout           |   17.940|
b<21>          |sum<21>        |   12.898|
b<21>          |sum<22>        |   12.939|
b<21>          |sum<23>        |   13.120|
b<21>          |sum<24>        |   13.987|
b<21>          |sum<25>        |   13.991|
b<21>          |sum<26>        |   15.038|
b<21>          |sum<27>        |   14.927|
b<21>          |sum<28>        |   15.786|
b<21>          |sum<29>        |   15.608|
b<21>          |sum<30>        |   16.297|
b<21>          |sum<31>        |   16.980|
b<22>          |cout           |   17.702|
b<22>          |sum<22>        |   12.478|
b<22>          |sum<23>        |   12.882|
b<22>          |sum<24>        |   13.749|
b<22>          |sum<25>        |   13.753|
b<22>          |sum<26>        |   14.800|
b<22>          |sum<27>        |   14.689|
b<22>          |sum<28>        |   15.548|
b<22>          |sum<29>        |   15.370|
b<22>          |sum<30>        |   16.059|
b<22>          |sum<31>        |   16.742|
b<23>          |cout           |   17.360|
b<23>          |sum<23>        |   12.540|
b<23>          |sum<24>        |   13.407|
b<23>          |sum<25>        |   13.411|
b<23>          |sum<26>        |   14.458|
b<23>          |sum<27>        |   14.347|
b<23>          |sum<28>        |   15.206|
b<23>          |sum<29>        |   15.028|
b<23>          |sum<30>        |   15.717|
b<23>          |sum<31>        |   16.400|
b<24>          |cout           |   16.532|
b<24>          |sum<24>        |   12.181|
b<24>          |sum<25>        |   12.583|
b<24>          |sum<26>        |   13.630|
b<24>          |sum<27>        |   13.519|
b<24>          |sum<28>        |   14.378|
b<24>          |sum<29>        |   14.200|
b<24>          |sum<30>        |   14.889|
b<24>          |sum<31>        |   15.572|
b<25>          |cout           |   16.604|
b<25>          |sum<25>        |   12.655|
b<25>          |sum<26>        |   13.702|
b<25>          |sum<27>        |   13.591|
b<25>          |sum<28>        |   14.450|
b<25>          |sum<29>        |   14.272|
b<25>          |sum<30>        |   14.961|
b<25>          |sum<31>        |   15.644|
b<26>          |cout           |   15.945|
b<26>          |sum<26>        |   12.171|
b<26>          |sum<27>        |   12.932|
b<26>          |sum<28>        |   13.791|
b<26>          |sum<29>        |   13.613|
b<26>          |sum<30>        |   14.302|
b<26>          |sum<31>        |   14.985|
b<27>          |cout           |   16.016|
b<27>          |sum<27>        |   13.003|
b<27>          |sum<28>        |   13.862|
b<27>          |sum<29>        |   13.684|
b<27>          |sum<30>        |   14.373|
b<27>          |sum<31>        |   15.056|
b<28>          |cout           |   15.194|
b<28>          |sum<28>        |   12.549|
b<28>          |sum<29>        |   12.862|
b<28>          |sum<30>        |   13.551|
b<28>          |sum<31>        |   14.234|
b<29>          |cout           |   15.186|
b<29>          |sum<29>        |   12.854|
b<29>          |sum<30>        |   13.543|
b<29>          |sum<31>        |   14.226|
b<30>          |cout           |   14.081|
b<30>          |sum<30>        |   13.181|
b<30>          |sum<31>        |   13.121|
b<31>          |cout           |   14.450|
b<31>          |sum<31>        |   13.490|
cin            |cout           |   25.933|
cin            |sum<0>         |   13.442|
cin            |sum<1>         |   13.804|
cin            |sum<2>         |   14.311|
cin            |sum<3>         |   14.320|
cin            |sum<4>         |   15.749|
cin            |sum<5>         |   16.094|
cin            |sum<6>         |   16.697|
cin            |sum<7>         |   16.751|
cin            |sum<8>         |   17.263|
cin            |sum<9>         |   17.527|
cin            |sum<10>        |   17.602|
cin            |sum<11>        |   17.580|
cin            |sum<12>        |   18.195|
cin            |sum<13>        |   18.301|
cin            |sum<14>        |   18.845|
cin            |sum<15>        |   18.772|
cin            |sum<16>        |   19.140|
cin            |sum<17>        |   19.296|
cin            |sum<18>        |   19.849|
cin            |sum<19>        |   20.327|
cin            |sum<20>        |   20.837|
cin            |sum<21>        |   20.891|
cin            |sum<22>        |   20.932|
cin            |sum<23>        |   21.113|
cin            |sum<24>        |   21.980|
cin            |sum<25>        |   21.984|
cin            |sum<26>        |   23.031|
cin            |sum<27>        |   22.920|
cin            |sum<28>        |   23.779|
cin            |sum<29>        |   23.601|
cin            |sum<30>        |   24.290|
cin            |sum<31>        |   24.973|
---------------+---------------+---------+


Analysis completed Mon Apr 10 07:49:17 2017 
--------------------------------------------------------------------------------

Trace Settings:
-------------------------
Trace Settings 

Peak Memory Usage: 150 MB



